// Jest Snapshot v1, https://goo.gl/fbAQLP

exports[`BaseNavIcon 閉じる時(開くアイコン表示) 1`] = `"<div class=\\"base-nav-icon base-nav-icon--extend\\"><button><span class=\\"base-nav-icon__border base-nav-icon__top base-nav-icon__top--close\\"></span> <span class=\\"base-nav-icon__border base-nav-icon__middle\\"></span> <span class=\\"base-nav-icon__border base-nav-icon__bottom base-nav-icon__bottom--close\\"></span> <span class=\\"base-nav-icon__text\\">NAVI</span></button></div>"`;

exports[`BaseNavIcon 開いた時(閉じるアイコン表示) 1`] = `"<div class=\\"base-nav-icon base-nav-icon--extend\\"><button><span class=\\"base-nav-icon__border base-nav-icon__top base-nav-icon__top--open\\"></span> <span class=\\"base-nav-icon__border base-nav-icon__middle base-nav-icon__middle--fade\\"></span> <span class=\\"base-nav-icon__border base-nav-icon__bottom base-nav-icon__bottom--open\\"></span> <span class=\\"base-nav-icon__text\\">NAVI</span></button></div>"`;
