// Jest Snapshot v1, https://goo.gl/fbAQLP

exports[`TheNavigation スナップショット 1`] = `
"<div>
  <div class=\\"the-copyright\\">
    <p class=\\"base-text--extend\\">
      © 2019 taka1156 <br>使用素材、プライバシーポリシー等は
      <a href=\\"https://policy.taka1156.site/\\" target=\\"_blank\\">コチラ</a></p>
  </div>
</div>"
`;
