// Jest Snapshot v1, https://goo.gl/fbAQLP

exports[`BaseBtn slotがDOMに反映されているか 1`] = `"<button class=\\"base-btn base-btn--none\\">ダミーボタンテキスト</button>"`;

exports[`BaseImg 値がDOMに反映されているか(size: lg) 1`] = `"<div><img src=\\"http://placehold.jp/150x150.png\\" alt=\\"ダミーの画像\\" class=\\"base-img base-img--lg\\"></div>"`;

exports[`BaseImg 値がDOMに反映されているか(size: sm) 1`] = `"<div><img src=\\"http://placehold.jp/150x150.png\\" alt=\\"ダミーの画像\\" class=\\"base-img base-img--sm\\"></div>"`;

exports[`BaseText 値がDOMに反映されているか(useType: card) 1`] = `"<p class=\\"base-text base-text--card\\">ダミーテキスト</p>"`;

exports[`BaseText 値がDOMに反映されているか(useType: nav) 1`] = `"<p class=\\"base-text base-text--nav\\">ダミーテキスト</p>"`;

exports[`BaseText 値がDOMに反映されているか(useType: none) 1`] = `"<p class=\\"base-text base-text--none\\">ダミーテキスト</p>"`;
